#-----------------------------------------------------------
# Vivado v2023.2 (64-bit)
# SW Build 4029153 on Fri Oct 13 20:13:54 MDT 2023
# IP Build 4028589 on Sat Oct 14 00:45:43 MDT 2023
# SharedData Build 4025554 on Tue Oct 10 17:18:54 MDT 2023
# Start of session at: Thu May  8 12:19:20 2025
# Process ID: 427024
# Current directory: /mnt/9636D17436D15639/University/CE-Github-Repository/Neural-Soup-in-a-Zynq-Pot/src/HelloWorld/HelloWorld.runs/impl_1
# Command line: vivado -log design_1_wrapper.vdi -applog -product Vivado -messageDb vivado.pb -mode batch -source design_1_wrapper.tcl -notrace
# Log file: /mnt/9636D17436D15639/University/CE-Github-Repository/Neural-Soup-in-a-Zynq-Pot/src/HelloWorld/HelloWorld.runs/impl_1/design_1_wrapper.vdi
# Journal file: /mnt/9636D17436D15639/University/CE-Github-Repository/Neural-Soup-in-a-Zynq-Pot/src/HelloWorld/HelloWorld.runs/impl_1/vivado.jou
# Running On: r3z4, OS: Linux, CPU Frequency: 3999.654 MHz, CPU Physical cores: 6, Host memory: 11845 MB
#-----------------------------------------------------------
source design_1_wrapper.tcl -notrace
